commit 8eb5df124067468b8ae9ba751d1222417a17e76e
Author: Dpretty tests <dpretty-tests@nonexistant.invalid>
Date:   Wed Mar 18 14:06:33 2020 -0600

    init

commit 586a59b2b22a0db1517d746d96fe702201d71720
Author: Jeremy Nickurak <jeremy@nickurak.ca>
Date:   Tue Mar 17 13:13:08 2020 -0600

    file.py

diff --git a/file.py b/file.py
new file mode 100644
index 0000000..207af59
--- /dev/null
+++ b/file.py
@@ -0,0 +1,2 @@
+def func():
+    print("too much indent")

commit 86ebd543f6a68d2914bb33076921c099d92513ba
Author: Jeremy Nickurak <jeremy@nickurak.ca>
Date:   Tue Mar 17 13:15:43 2020 -0600

    another poor commit

diff --git a/file.py b/file.py
index 207af59..8a95f33 100644
--- a/file.py
+++ b/file.py
@@ -1,2 +1,6 @@
 def func():
     print("too much indent")
+
+
+def func2():
+    print("another poorly indented func")
